INFO [2026-08-27 15:14:34] [[1]]
INFO [2026-08-27 15:14:34] venn_list
INFO [2026-08-27 15:14:34] 
INFO [2026-08-27 15:14:34] $filename
INFO [2026-08-27 15:14:34] [1] "venn4.png"
INFO [2026-08-27 15:14:34] 
INFO [2026-08-27 15:14:34] $imagetype
INFO [2026-08-27 15:14:34] [1] "png"
INFO [2026-08-27 15:14:34] 
INFO [2026-08-27 15:14:34] $fill
INFO [2026-08-27 15:14:34] c("red", "blue", "green", "orange")
INFO [2026-08-27 15:14:34] 
INFO [2026-08-27 15:14:34] $alpha
INFO [2026-08-27 15:14:34] [1] 0.5
INFO [2026-08-27 15:14:34] 
INFO [2026-08-27 15:14:34] $cat.col
INFO [2026-08-27 15:14:34] c("red", "blue", "green", "orange")
INFO [2026-08-27 15:14:34] 
INFO [2026-08-27 15:14:34] $cat.cex
INFO [2026-08-27 15:14:34] [1] 1.5
INFO [2026-08-27 15:14:34] 
INFO [2026-08-27 15:14:34] $cat.fontfamily
INFO [2026-08-27 15:14:34] [1] "serif"
INFO [2026-08-27 15:14:34] 
INFO [2026-08-27 15:14:34] $col
INFO [2026-08-27 15:14:34] c("red", "blue", "green", "orange")
INFO [2026-08-27 15:14:34] 
INFO [2026-08-27 15:14:34] $cex
INFO [2026-08-27 15:14:34] [1] 1.5
INFO [2026-08-27 15:14:34] 
INFO [2026-08-27 15:14:34] $fontfamily
INFO [2026-08-27 15:14:34] [1] "serif"
INFO [2026-08-27 15:14:34] 
