INFO [2026-08-27 15:15:16] [[1]]
INFO [2026-08-27 15:15:16] venn_list
INFO [2026-08-27 15:15:16] 
INFO [2026-08-27 15:15:16] $filename
INFO [2026-08-27 15:15:16] NULL
INFO [2026-08-27 15:15:16] 
INFO [2026-08-27 15:15:16] $fill
INFO [2026-08-27 15:15:16] c("red", "blue", "green", "orange")
INFO [2026-08-27 15:15:16] 
INFO [2026-08-27 15:15:16] $alpha
INFO [2026-08-27 15:15:16] [1] 0.5
INFO [2026-08-27 15:15:16] 
INFO [2026-08-27 15:15:16] $cat.col
INFO [2026-08-27 15:15:16] c("red", "blue", "green", "orange")
INFO [2026-08-27 15:15:16] 
INFO [2026-08-27 15:15:16] $cat.cex
INFO [2026-08-27 15:15:16] [1] 1.5
INFO [2026-08-27 15:15:16] 
INFO [2026-08-27 15:15:16] $cat.fontfamily
INFO [2026-08-27 15:15:16] [1] "serif"
INFO [2026-08-27 15:15:16] 
INFO [2026-08-27 15:15:16] $col
INFO [2026-08-27 15:15:16] c("red", "blue", "green", "orange")
INFO [2026-08-27 15:15:16] 
INFO [2026-08-27 15:15:16] $cex
INFO [2026-08-27 15:15:16] [1] 1.5
INFO [2026-08-27 15:15:16] 
INFO [2026-08-27 15:15:16] $fontfamily
INFO [2026-08-27 15:15:16] [1] "serif"
INFO [2026-08-27 15:15:16] 
