INFO [2026-08-27 15:15:15] [[1]]
INFO [2026-08-27 15:15:15] venn_list
INFO [2026-08-27 15:15:15] 
INFO [2026-08-27 15:15:15] $filename
INFO [2026-08-27 15:15:15] [1] "venn4.png"
INFO [2026-08-27 15:15:15] 
INFO [2026-08-27 15:15:15] $imagetype
INFO [2026-08-27 15:15:15] [1] "png"
INFO [2026-08-27 15:15:15] 
INFO [2026-08-27 15:15:15] $fill
INFO [2026-08-27 15:15:15] c("red", "blue", "green", "orange")
INFO [2026-08-27 15:15:15] 
INFO [2026-08-27 15:15:15] $alpha
INFO [2026-08-27 15:15:15] [1] 0.5
INFO [2026-08-27 15:15:15] 
INFO [2026-08-27 15:15:15] $cat.col
INFO [2026-08-27 15:15:15] c("red", "blue", "green", "orange")
INFO [2026-08-27 15:15:15] 
INFO [2026-08-27 15:15:15] $cat.cex
INFO [2026-08-27 15:15:15] [1] 1.5
INFO [2026-08-27 15:15:15] 
INFO [2026-08-27 15:15:15] $cat.fontfamily
INFO [2026-08-27 15:15:15] [1] "serif"
INFO [2026-08-27 15:15:15] 
INFO [2026-08-27 15:15:15] $col
INFO [2026-08-27 15:15:15] c("red", "blue", "green", "orange")
INFO [2026-08-27 15:15:15] 
INFO [2026-08-27 15:15:15] $cex
INFO [2026-08-27 15:15:15] [1] 1.5
INFO [2026-08-27 15:15:15] 
INFO [2026-08-27 15:15:15] $fontfamily
INFO [2026-08-27 15:15:15] [1] "serif"
INFO [2026-08-27 15:15:15] 
