INFO [2026-08-27 15:14:35] [[1]]
INFO [2026-08-27 15:14:35] venn_list
INFO [2026-08-27 15:14:35] 
INFO [2026-08-27 15:14:35] $filename
INFO [2026-08-27 15:14:35] NULL
INFO [2026-08-27 15:14:35] 
INFO [2026-08-27 15:14:35] $fill
INFO [2026-08-27 15:14:35] c("red", "blue", "green", "orange")
INFO [2026-08-27 15:14:35] 
INFO [2026-08-27 15:14:35] $alpha
INFO [2026-08-27 15:14:35] [1] 0.5
INFO [2026-08-27 15:14:35] 
INFO [2026-08-27 15:14:35] $cat.col
INFO [2026-08-27 15:14:35] c("red", "blue", "green", "orange")
INFO [2026-08-27 15:14:35] 
INFO [2026-08-27 15:14:35] $cat.cex
INFO [2026-08-27 15:14:35] [1] 1.5
INFO [2026-08-27 15:14:35] 
INFO [2026-08-27 15:14:35] $cat.fontfamily
INFO [2026-08-27 15:14:35] [1] "serif"
INFO [2026-08-27 15:14:35] 
INFO [2026-08-27 15:14:35] $col
INFO [2026-08-27 15:14:35] c("red", "blue", "green", "orange")
INFO [2026-08-27 15:14:35] 
INFO [2026-08-27 15:14:35] $cex
INFO [2026-08-27 15:14:35] [1] 1.5
INFO [2026-08-27 15:14:35] 
INFO [2026-08-27 15:14:35] $fontfamily
INFO [2026-08-27 15:14:35] [1] "serif"
INFO [2026-08-27 15:14:35] 
