INFO [2026-08-27 15:08:36] [[1]]
INFO [2026-08-27 15:08:36] venn_list
INFO [2026-08-27 15:08:36] 
INFO [2026-08-27 15:08:36] $filename
INFO [2026-08-27 15:08:36] NULL
INFO [2026-08-27 15:08:36] 
INFO [2026-08-27 15:08:36] $fill
INFO [2026-08-27 15:08:36] c("red", "blue")
INFO [2026-08-27 15:08:36] 
INFO [2026-08-27 15:08:36] $alpha
INFO [2026-08-27 15:08:36] [1] 0.5
INFO [2026-08-27 15:08:36] 
INFO [2026-08-27 15:08:36] $cat.col
INFO [2026-08-27 15:08:36] rep("black", 2)
INFO [2026-08-27 15:08:36] 
INFO [2026-08-27 15:08:36] $col
INFO [2026-08-27 15:08:36] [1] "black"
INFO [2026-08-27 15:08:36] 
INFO [2026-08-27 15:08:36] $cex
INFO [2026-08-27 15:08:36] [1] 1.5
INFO [2026-08-27 15:08:36] 
INFO [2026-08-27 15:08:36] $fontfamily
INFO [2026-08-27 15:08:36] [1] "serif"
INFO [2026-08-27 15:08:36] 
INFO [2026-08-27 15:08:36] $cat.cex
INFO [2026-08-27 15:08:36] [1] 1.5
INFO [2026-08-27 15:08:36] 
INFO [2026-08-27 15:08:36] $cat.fontfamily
INFO [2026-08-27 15:08:36] [1] "serif"
INFO [2026-08-27 15:08:36] 
INFO [2026-08-27 15:08:36] $output
INFO [2026-08-27 15:08:36] [1] TRUE
INFO [2026-08-27 15:08:36] 
