INFO [2026-08-27 15:08:42] [[1]]
INFO [2026-08-27 15:08:42] venn_list
INFO [2026-08-27 15:08:42] 
INFO [2026-08-27 15:08:42] $filename
INFO [2026-08-27 15:08:42] NULL
INFO [2026-08-27 15:08:42] 
INFO [2026-08-27 15:08:42] $fill
INFO [2026-08-27 15:08:42] c("red", "blue")
INFO [2026-08-27 15:08:42] 
INFO [2026-08-27 15:08:42] $alpha
INFO [2026-08-27 15:08:42] [1] 0.5
INFO [2026-08-27 15:08:42] 
INFO [2026-08-27 15:08:42] $cat.col
INFO [2026-08-27 15:08:42] rep("black", 2)
INFO [2026-08-27 15:08:42] 
INFO [2026-08-27 15:08:42] $col
INFO [2026-08-27 15:08:42] [1] "black"
INFO [2026-08-27 15:08:42] 
INFO [2026-08-27 15:08:42] $cex
INFO [2026-08-27 15:08:42] [1] 1.5
INFO [2026-08-27 15:08:42] 
INFO [2026-08-27 15:08:42] $fontfamily
INFO [2026-08-27 15:08:42] [1] "serif"
INFO [2026-08-27 15:08:42] 
INFO [2026-08-27 15:08:42] $cat.cex
INFO [2026-08-27 15:08:42] [1] 1.5
INFO [2026-08-27 15:08:42] 
INFO [2026-08-27 15:08:42] $cat.fontfamily
INFO [2026-08-27 15:08:42] [1] "serif"
INFO [2026-08-27 15:08:42] 
INFO [2026-08-27 15:08:42] $output
INFO [2026-08-27 15:08:42] [1] TRUE
INFO [2026-08-27 15:08:42] 
