INFO [2026-08-27 15:08:47] [[1]]
INFO [2026-08-27 15:08:47] venn_list
INFO [2026-08-27 15:08:47] 
INFO [2026-08-27 15:08:47] $filename
INFO [2026-08-27 15:08:47] [1] "venn4.png"
INFO [2026-08-27 15:08:47] 
INFO [2026-08-27 15:08:47] $imagetype
INFO [2026-08-27 15:08:47] [1] "png"
INFO [2026-08-27 15:08:47] 
INFO [2026-08-27 15:08:47] $fill
INFO [2026-08-27 15:08:47] c("red", "blue", "green", "orange")
INFO [2026-08-27 15:08:47] 
INFO [2026-08-27 15:08:47] $alpha
INFO [2026-08-27 15:08:47] [1] 0.5
INFO [2026-08-27 15:08:47] 
INFO [2026-08-27 15:08:47] $cat.col
INFO [2026-08-27 15:08:47] c("red", "blue", "green", "orange")
INFO [2026-08-27 15:08:47] 
INFO [2026-08-27 15:08:47] $cat.cex
INFO [2026-08-27 15:08:47] [1] 1.5
INFO [2026-08-27 15:08:47] 
INFO [2026-08-27 15:08:47] $cat.fontfamily
INFO [2026-08-27 15:08:47] [1] "serif"
INFO [2026-08-27 15:08:47] 
INFO [2026-08-27 15:08:47] $col
INFO [2026-08-27 15:08:47] c("red", "blue", "green", "orange")
INFO [2026-08-27 15:08:47] 
INFO [2026-08-27 15:08:47] $cex
INFO [2026-08-27 15:08:47] [1] 1.5
INFO [2026-08-27 15:08:47] 
INFO [2026-08-27 15:08:47] $fontfamily
INFO [2026-08-27 15:08:47] [1] "serif"
INFO [2026-08-27 15:08:47] 
